
 ⛅️ wrangler 4.131.0 (update available 4.148.0)
───────────────────────────────────────────────
Resource location: remote 

Migrations to be applied:
┌───────────────────────────────────┐
│ name                              │
├───────────────────────────────────┤
│ 0076_compass_program_listings.sql │
└───────────────────────────────────┘
? About to apply 1 migration(s)
Your database may not be available to serve requests during the migration, continue?
🤖 Using fallback value in non-interactive context: yes
🌀 Executing on remote database org (a71a2306-3d82-44cb-a50c-d7fdffaacdc7):
🌀 To execute on your local development database, remove the --remote flag from your wrangler command.
🚣 Executed 7 commands in 2.20ms
┌───────────────────────────────────┬────────┐
│ name                              │ status │
├───────────────────────────────────┼────────┤
│ 0076_compass_program_listings.sql │ ✅     │
└───────────────────────────────────┴────────┘
